Total templates loaded: 200
[ERROR] Template index 35 has 4 placeholders instead of 5: "We mix white {fl:our:Powder made by grinding grain.} sweet sugar, and fresh yeast in a large {bo:wl:A round, deep dish.}. We bake the soft dough to make warm {br:ead:Food made of flour, water, and yeast.} that tastes delicious with sweet yellow {bu:tter:A pale yellow fatty substance made from cream.} spread on top."
[ERROR] Template index 37 has 4 placeholders instead of 5: "A fast brown {ho:rse:A large plant-eating mammal.} runs across the grassy field. It has a beautiful long {ta:il:The hindmost part of an animal.} and can jump over the low wooden {fe:nce:A barrier enclosing an area.} to eat sweet green grass under the shade of a tall {tr:ee:A large woody plant.}."
[ERROR] Template index 38 has 4 placeholders instead of 5: "In our backyard garden we plant a small red {to:mato:A glossy red edible fruit.} and a crisp green {cu:cumber:A long green-skinned fruit.}. We pull out any bad grass or {we:ed:A wild plant growing where it is not wanted.} and water the soil every afternoon to keep the plants {he:althy:In a good physical state.}."
[ERROR] Template index 39 has 4 placeholders instead of 5: "The quiet local {li:brary:A building containing collections of books.} has many long shelves of books. We can borrow a historical {st:ory:An account of imaginary or real events.} to read. We must speak in a very soft {vo:ice:The sound produced in a person's larynx.} so we do not disturb the other people who are reading {th:ere:In or at that place.}."
[ERROR] Template index 49 has 4 placeholders instead of 5: "A playful young puppy chases a soft yellow tennis {ba:ll:A round object used in games.} across the wide grassy lawn. It wags its short furry {ta:il:The hindmost part of an animal.} with excitement. It catches the ball in its warm mouth and runs back to its happy {ow:ner:A person who owns something.} to play the fun game of fetch again under the shade of a leafy {tr:ee:A woody plant.} branch"
[ERROR] Template index 52 has 4 placeholders instead of 5: "The professional tech expert uses a small metal {sc:rewdriver:A tool for turning screws.} to open the plastic case of our broken computer. He checks the thin wires and shiny green microchips to find the bad {pa:rt:A piece of something.}. He works carefully in his quiet repair shop to make the computer fast and reliable again for our school {ho:mework:Schoolwork done at home.} and daily online {re:search:The systematic investigation into study.} projects."
[ERROR] Template index 53 has 4 placeholders instead of 5: "A majestic red-tailed {ha:wk:A large bird of prey.} circles incredibly high in the clear blue sky, searching for little field mice in the grassy {va:lley:A low area of land between hills.}. It has powerful wings and sharp yellow eyes that can spot tiny movements from a great {di:stance:The length of space between two points.}. It flies down extremely fast to catch its prey and carries it back to its high nest on a steep {cl:iff:A steep high face of rock.} edge."
[ERROR] Template index 56 has 4 placeholders instead of 5: "The professional graphic designer uses a digital drawing {ta:blet:A flat input device for drawing.} to create colorful illustrations for a new children's book. She draws friendly forest animals, beautiful fairy castles, and giant flying dragons with a pressure-sensitive digital {pe:n:An instrument for drawing.}. She loves to see her artwork printed in books for children to enjoy reading with their parents in the evening {ho:urs:Plural of hour.} before they go to {sl:eep:A condition of resting.} peacefully."
[ERROR] Template index 58 has 4 placeholders instead of 5: "We use a soft cotton cloth and a gentle {cl:eanser:A cosmetic used to clean the skin.} to wash our face and remove dirt and oil before we go to sleep. It is important to care for our skin to keep it healthy, smooth, and free of blemishes. We rinse our face with lukewarm water and dry it with a clean towel in our bathroom every night at nine {o':clock:Used in telling time.} before we get into our cozy bed for a deep {sl:umber:A sleep.} that lasts all night {lo:ng:Lasting a great distance or time.}."
[ERROR] Template index 59 has 4 placeholders instead of 5: "The local fire station has two large red trucks with loud sirens and flashing lights. When there is a dangerous fire, the brave firefighters get dressed in their heavy protective coats in less than a {mi:nute:A unit of time equal to 60 seconds.}. They drive incredibly fast through the busy city streets to save people and put out the hot flames using a long water {ho:se:A flexible tube.} connected to a metal hydrant on the {st:reet:A public road.} corner near our school {bu:ilding:A structure with a roof and walls.}."
[ERROR] Template index 60 has 3 placeholders instead of 5: "We use a sharp pair of metal {sc:issors:An instrument used for cutting paper.} to cut colorful paper shapes for our art project in class. We cut out bright red hearts, green trees, and yellow stars to paste onto a large piece of poster board. We use a stick of white glue to stick the shapes neatly and write our names at the bottom with a black ink marker so the teacher can display our artwork on the classroom {wa:ll:A continuous vertical brick structure.} for all the parents to see {th:ere:In or at that place.}."
[ERROR] Template index 61 has 3 placeholders instead of 5: "The professional dentist uses a small mirror to check our teeth and ensure they are clean, healthy, and free of cavities. She uses a gentle tool to clean off any plaque and advises us to brush our teeth twice a day with fluoride toothpaste. She also tells us to floss daily and eat less sweet candy to protect our white tooth enamel and maintain a beautiful, healthy {sm:ile:A pleased expression.} that we can show to our friends every {da:y:The 24-hour period.} at our school {cl:ass:A group of students.}."
[ERROR] Template index 62 has 4 placeholders instead of 5: "The busy baker wakes up at four o'clock in the morning to start baking fresh bread, sweet croissants, and delicious blueberry muffins for his neighborhood bakery shop. He mixes high-quality flour, fresh yeast, warm water, and a pinch of white salt in a giant metal bowl. He kneads the soft dough carefully before placing it in the warm oven to bake until the crust is golden brown and fills the street with a mouth-watering {sm:ell:Scent or aroma.} that makes everyone want to {st:op:Come to an end.} and buy a tasty {sn:ack:A small amount of food.} for their morning {br:eakfast:The first meal of the day.}."
[ERROR] Template index 63 has 3 placeholders instead of 5: "We visit the local public library once a week to borrow interesting books and search for facts on the computer for our school research projects. The library is a very quiet place with comfortable chairs and long rows of wooden bookshelves. We can sit and read stories about brave explorers, distant planets, or ancient civilizations. We must always remember to return our books on time so other children can enjoy reading them {as:well:In addition; too.} during their school holidays or weekend {sp:are:Not being used.} time at {ho:me:The place where one lives permanently.}."
[ERROR] Template index 64 has 2 placeholders instead of 5: "The yellow school bus stops at the corner of our street every morning at half past seven to take us to our elementary school. We find a seat next to our best friend and talk about our favorite games or the homework we completed last night. The friendly bus driver watches the road carefully and obeys all the traffic lights to keep us safe. We arrive at the school yard on time, ready to greet our teacher and start our morning lessons in the clean {cl:assroom:A room in which a class of students is taught.} with our other {cl:assmates:Plural of classmate.} near the big board."
[ERROR] Template index 65 has 3 placeholders instead of 5: "The majestic white swan swims gracefully across the calm surface of the quiet lake in the middle of the city park. It wiggles its long elegant neck and dips its head underwater to find tiny plants and small insects to eat. A mother and her little child sit on a wooden bench nearby and toss small pieces of bread into the water for the swan to catch. The swan swims closer and makes a soft sound, showing its appreciation for the delicious treats {th:ey:Plural of he, she, or it.} share on this warm and sunny {af:ternoon:The time from noon to evening.} in the green {pa:rk:A large public garden.}."
[ERROR] Template index 66 has 3 placeholders instead of 5: "The experienced builder uses a blue measuring tape to measure the height of the wooden door frame in our new living room. He uses a heavy hammer to drive iron nails into the strong wooden beams and a sharp saw to cut the lumber to the correct size. He works very hard to ensure the house is strong, safe, and well-insulated against the cold winter winds. Soon, our family will be able to move in and enjoy our new home with a big backyard for our dog to {ru:n:Move fast.} and play {sa:fely:In a safe manner.} with all our neighborhood {ki:ds:Plural of kid; children.}."
[ERROR] Template index 67 has 3 placeholders instead of 5: "The expert tailor uses a silver needle and strong black thread to sew a beautiful dress for a special party. She measures the fabric carefully with a flexible tape measure and cuts it with a sharp pair of shears. She works with great precision to make sure every seam is perfect and the dress fits beautifully. She adds two shiny plastic buttons on the sleeves and a zipper at the back to complete her masterpiece, which her happy customer will wear with a proud smile on her face this {we:ekend:Saturday and Sunday.} during the celebratory {ev:ent:A thing that happens.} in the grand {ha:ll:A large public room.}."
[ERROR] Template index 68 has 2 placeholders instead of 5: "A tiny green caterpillar crawls slowly along the stem of a leafy rose bush in our backyard garden. It eats a small hole in a green leaf to fill its hungry belly and gain strength. In a few days, it will spin a hard protective shell called a cocoon around its body and rest inside for a couple of weeks. When it finally wakes up, it will emerge as a beautiful colorful butterfly with broad wings that can fly high in the air to find sweet flowers under the bright summer {su:nlight:Light from the sun.} that warms the {ea:rth:The planet on which we live.}."
[ERROR] Template index 69 has 2 placeholders instead of 5: "The clever young detective uses a large magnifying glass to look for clues on the dusty floor of the old empty cabin. He finds a small silver key hidden under a loose wooden board near the stone fireplace. He wonders if the key will open the mysterious heavy chest in the corner of the room. He writes down all his interesting findings in a small leather pocket notebook so he can solve the secret mystery before the sun sets and the dark night covers the lonely forest {ar:ound:On every side of.} the quiet wooden {ho:use:A building for human habitation.}."
[ERROR] Template index 70 has 3 placeholders instead of 5: "We use a powerful plastic vacuum cleaner to remove dust and dog hair from the carpet in our living room. It makes a loud buzzing sound, but it cleans the floor very quickly. We empty the dust bag into the large trash can in the kitchen. Then we spray a sweet lavender mist in the air to make the room smell fresh and clean before our special guests arrive for a delicious dinner party at our house this evening at seven {o'clock:Used in telling time.} after they finish their daily {wo:rk:Activity involving mental or physical effort.} at the local {of:fice:A room or department where professional duties are done.}."
[ERROR] Template index 71 has 3 placeholders instead of 5: "The young student uses a digital tablet to search for interesting facts about the ancient Egyptian pyramids for his history report. He reads articles and looks at colorful pictures of the giant sphinx and the pharaohs. He takes neat notes on his paper to share with his teacher and his classmates. He is very proud of his hard work and hopes to get an excellent grade from his teacher on his project next Monday morning in the history {cl:ass:A group of students.} when he presents his {fi:ndings:Plural of finding; discoveries.} to the whole {sc:hool:An institution for educating children.}."
[ERROR] Template index 72 has 3 placeholders instead of 5: "We use a clean metal toaster to toast two slices of fresh wheat bread for our breakfast in the morning. When the toast is ready, the toaster pops the warm slices up automatically with a soft sound. We spread sweet strawberry jam and creamy peanut butter on the warm bread to make a delicious and healthy sandwich. We drink a tall glass of cold orange juice to complete our breakfast before we grab our heavy school backpacks and walk quickly to the bus stop on our {wa:y:A path or street.} to catch the yellow {bu:s:A large motor vehicle carrying passengers.} with our kind {fr:iends:Plural of friend.}."
[ERROR] Template index 73 has 2 placeholders instead of 5: "We wear a pair of thick rubber rainboots to keep our feet dry when we walk to school on a wet and rainy morning. The paved street has many deep water puddles, but our high boots prevent the cold water from soaking our socks. We carry a large umbrella to shield our school bag and warm clothes from the falling rain. We walk carefully on the sidewalk so we do not slip on the wet leaves that have fallen from the tall maple trees onto the cold ground in our quiet {to:wn:An urban area smaller than a city.} near the primary {sc:hool:An institution for educating children.} yard."
[ERROR] Template index 74 has 2 placeholders instead of 5: "A clever little hamster runs quickly on its metal exercise wheel inside its wire cage in our living room. It wiggles its pink nose and fills its cheeks with sweet sunflower seeds to eat later in its cozy nest. It is a very clean and playful pet that is easy to care for and brings a lot of joy to our family. We give it fresh water and clean its cage once a week to keep it healthy and happy in our warm and cozy {ho:me:The place where one lives permanently.} near the quiet public {pa:rk:A large public garden.} in the busy city center."
[ERROR] Template index 75 has 2 placeholders instead of 5: "We visit the local maritime museum to see a historical exhibition about ancient sailing ships that crossed the wide ocean hundreds of years ago. We see detailed models of the massive wooden ships, old paper maps used by early sailors, and heavy metal compasses used for navigation. We learn how the sailors braved the strong winds and giant waves to discover new lands across the sea. It is a very educational experience that teaches us a lot about history and geography on a cold {sa:turday:The day of the week after Friday.} afternoon with our dear {pa:rents:Plural of parent.} in the city."
[ERROR] Template index 76 has 2 placeholders instead of 5: "The young girl uses a wooden easel to hold her canvas while she paints a beautiful picture of a high mountain. She uses a wooden palette of bright colors and different soft brushes to paint the snowy peaks and the green pine trees. She is very passionate about her art and hopes to exhibit her artwork in a local gallery someday. Her teacher always praises her creativity and encourages her to continue practicing her painting skills to become a professional artist in the future when she grows {up:To a later period in life.} and completes her high {sc:hool:An institution for educating children.} education."
[ERROR] Template index 77 has 3 placeholders instead of 5: "A small gray squirrel gathers ripe acorns from the ground and carries them in its mouth to store inside a hollow tree branch. It works tirelessly all day long to prepare for the cold winter when food is hard to find in the forest. It has a fluffy tail that helps it keep its balance when it jumps from tree to tree. We love to watch it play in our backyard garden and climb up the tall oak tree near our wooden fence during the warm autumn {da:ys:Plural of day.} before the first winter {sn:ow:Frozen water vapor.} covers the cold {ea:rth:The ground or soil.}."
[ERROR] Template index 78 has 2 placeholders instead of 5: "The young boy uses a small metal trowel to dig a hole in the rich dark soil of our backyard garden. He plants a tiny green seed of a sunflower and covers it gently with dirt. He uses a small watering can to water the soil every afternoon so the seed can sprout and grow. He watches the plant daily, hoping it will grow tall and blossom into a beautiful yellow flower with many seeds for the birds to eat during the autumn days when the weather gets {co:ld:Of or at a low temperature.} in our quiet {to:wn:An urban area smaller than a city.}."
[ERROR] Template index 79 has 3 placeholders instead of 5: "The professional mechanic uses a heavy metal wrench to loosen a rusty bolt on the engine of our family car in his garage. He checks the oil level, tests the car battery, and ensures all the rubber tires are filled with the correct amount of air to keep us safe on the road. He works very quickly and efficiently to repair the car so we can drive to the countryside for our weekend picnic. We thank him for his excellent service and pay him with a shiny silver bank {ca:rd:A plastic card used for payment.} before we drive {aw:ay:To another place.} to our happy {ho:me:The place where one lives permanently.}."
[ERROR] Template index 80 has 2 placeholders instead of 5: "A little honeybee wiggles its wings and flies from one bright red flower to another in our beautiful backyard garden. It collects sweet nectar and yellow pollen to carry back to its busy hive on the tall apple tree branch. In the hive, the bees work together as a team to make delicious sweet honey that we love to eat with our warm toast. The honeybee is a very important insect that helps our garden flowers grow and thrive during the warm days of the sunny {su:mmer:The warmest season of the year.} when the sky is clear and {bl:ue:The color of the sky.}."
[ERROR] Template index 81 has 2 placeholders instead of 5: "We use a clean glass pitcher to make a cool and refreshing drink of sweet lemonade on a hot summer afternoon. We squeeze the fresh juice of four yellow lemons, add three cups of cold water, and mix in a cup of sweet sugar. We add some ice cubes to make the beverage freezing cold and delicious to drink while we sit under the shade of our giant oak tree in the backyard garden. It is the perfect way to cool down and enjoy a lazy weekend with our happy family {at:In or at a position.} our cozy home in the quiet {su:burb:An outlying district of a city.}."
[ERROR] Template index 82 has 2 placeholders instead of 5: "The young girl uses a pair of shiny metal ice skates to glide smoothly across the frozen surface of the public outdoor rink in the city park. She wears a thick woolen scarf around her neck and a warm pink hat to protect her ears from the freezing winter wind. She practices her turns and spins carefully, laughing when she loses her balance and falls onto the soft snow near the wooden fence. She enjoys the winter sport very much and wants to stay until the lights turn on at six {o'clock:Used in telling time.} in the evening {ho:urs:Plural of hour.}."
[ERROR] Template index 83 has 3 placeholders instead of 5: "A beautiful green humming bird hovers near the colorful trumpet vine in our garden, wiggling its tiny wings so fast that they look like a blur. It dips its long, slender beak into the sweet flowers to drink the sugary nectar that gives it the energy to fly all day long. It is the smallest bird in our state and has a iridescent throat that shines like a jewel in the bright morning sunlight. We feel very lucky to watch this amazing little creature from our kitchen window during our breakfast {ti:me:The progress of existence.} every single morning {in:Expressing the situation of something.} the warm season of {sp:ring:The season after winter.}."
[ERROR] Template index 84 has 2 placeholders instead of 5: "The professional carpenter uses a sharp chisel to carve a beautiful pattern on the edge of a new wooden dining table. He works in his noisy workshop filled with the pleasant smell of cut pine and oak sawdust. He uses a sheet of sandpaper to make the wood surface perfectly smooth and applies a coat of shiny varnish to protect the table from scratches and stains. He is very proud of his handiwork and hopes the table will last for many generations in a happy family {ho:use:A building for human habitation.} in our quiet country {to:wn:An urban area smaller than a city.}."
[ERROR] Template index 85 has 3 placeholders instead of 5: "We go to the local farmers market every Saturday morning to buy fresh organic fruits, vegetables, and homemade baked goods from the local farmers. We fill our large canvas bags with sweet red strawberries, green spinach, yellow squash, and fresh farm eggs. We also buy a jar of sweet clover honey and a loaf of warm sourdough bread from a friendly baker who smiles at us. It is a wonderful way to support our community and get healthy food for our weekly meals at {ho:me:The place where one lives permanently.} with our dear {pa:rents:Plural of parent.} and little {si:ster:A female sibling.}."
[ERROR] Template index 86 has 3 placeholders instead of 5: "The clever young girl uses a digital camera to take high-quality photographs of the colorful autumn leaves on the tall maple trees in the park. She captures the beautiful shades of red, orange, and yellow as the leaves fall gently onto the grass. She wants to print her best pictures and make a colorful collage for her school art project on Monday morning. Her teacher always praises her artistic eye and encourages her to continue exploring the world through her camera lens to discover new {be:auty:A combination of qualities that pleases the sight.} in the natural world {ar:ound:On every side of.} her peaceful suburban {ho:me:The place where one lives permanently.}."
[ERROR] Template index 87 has 2 placeholders instead of 5: "A proud mother bird sits patiently on her nest of twigs and soft feathers, warming her four tiny blue eggs. The nest is hidden safely among the thick green leaves of a tall pear tree in our backyard garden, protected from the cold wind and hungry cats. In a few days, the eggs will hatch, and four hungry little chicks will emerge, chirping loudly for food. The mother and father birds will fly back and forth all day to find small worms and insects to feed their growing family in the warm {ga:rden:A piece of ground for growing flowers.} near our cozy wooden {ho:use:A building for human habitation.}."
[ERROR] Template index 88 has 2 placeholders instead of 5: "We wear our protective life jackets when we step onto the wooden deck of the small sailing boat at the harbor. The captain checks the wind direction and unfurls the large white sail to catch the steady breeze across the wide lake. The boat glides smoothly over the gentle waves, leaving a trail of white foam in the deep blue water behind us. We enjoy the fresh air and watch the white seagulls fly overhead, searching for small fish near the water surface on this beautiful summer day {wi:th:Accompanied by.} our happy family and best {fr:iends:Plural of friend.} from school."
[ERROR] Template index 89 has 3 placeholders instead of 5: "The skilled artist uses a box of colorful soft pastels to draw a realistic portrait of a furry white rabbit on a sheet of textured gray paper. He blends the colors gently with his fingers to create the soft texture of the rabbit's fur and uses a white pastel to add a bright shine to its round black eyes. He is very detailed in his work and spends many hours in his quiet art studio to make the portrait look alive. He hopes to win first prize in the annual community art competition held {at:In or at a position.} the local library next {mo:nth:A division of the year.} in our quiet suburban {to:wn:An urban area smaller than a city.}."
[ERROR] Template index 90 has 2 placeholders instead of 5: "A small gray field mouse builds a warm nest of shredded paper and dry grass inside a cardboard box in the corner of our dry basement. It crawls out quietly at night to look for tiny food crumbs on the kitchen floor after everyone has gone to sleep. It has to be very careful to avoid our big black cat, who loves to hunt mice in the dark. The little mouse is quick and silent, wiggling its long whiskers as it searches for a tasty bite of yellow cheese or sweet bread {to:Expressing motion in the direction of.} carry back to its cozy nest before the morning sun {ri:ses:Goes up.} in the east."
[ERROR] Template index 91 has 3 placeholders instead of 5: "The professional photographer carries a heavy tripod and two digital cameras to the top of the high hill to photograph the beautiful sunset over the city. He waits patiently for the sun to sink below the horizon, painting the sky in breathtaking shades of pink, purple, and orange. He adjusts the camera settings to capture the warm light reflecting off the glass windows of the tall city buildings in the distance. It is a spectacular sight that he will share on his popular travel blog for people to enjoy all {ov:er:Extending upward from.} the world on their computer {sc:reens:Plural of screen.} at {ho:me:The place where one lives permanently.}."
[ERROR] Template index 92 has 2 placeholders instead of 5: "We use a colorful plastic watering can to water our indoor potted plants every Sunday morning to keep them healthy and green. We have a small cactus on the desk, a leafy fern on the bookshelf, and a blooming pink orchid on the windowsill that gets plenty of bright morning sunlight. We make sure not to give them too much water so their roots do not rot in the dark soil. Taking care of our plants is a relaxing hobby that makes our bedroom feel lively and fresh during the cold winter months when we stay {in:side:Within a room or building.} our warm and comfortable family {ho:use:A building for human habitation.}."
[ERROR] Template index 93 has 1 placeholders instead of 5: "The clever young boy uses a plastic compass and a paper map to find his way during the weekend scout hiking trip in the state park. He leads his team of scouts along the narrow dirt path, checking the compass needle to ensure they are walking in the correct northern direction toward the campsite. They walk past tall pine trees, cross a small wooden bridge over a bubbling stream, and climb a steep rocky hill before they reach the campsite where they will pitch their green tents and build a warm campfire to cook their dinner under the bright {st:ars:Plural of star.} in the dark sky."
[ERROR] Template index 94 has 3 placeholders instead of 5: "The busy librarian works at the front desk of our quiet neighborhood library, helping people find books and checking out their selections using a digital barcode scanner. She organizes the returned books on the metal carts and returns them to their correct places on the tall wooden bookshelves so they are easy to find. She also coordinates the weekly story hour for the local toddlers, reading funny stories and singing songs with them in the colorful children's section of the library. She loves her job because she gets to share her passion for reading with the whole {co:mmunity:A group of people living in the same place.} and meet many friendly {pe:ople:Plural of person.} every {da:y:The 24-hour period.}."
[ERROR] Template index 95 has 2 placeholders instead of 5: "We use a pair of protective plastic goggles and a long metal snorkel when we swim in the clear water of the swimming pool during our summer holiday. The goggles allow us to see underwater clearly without the chlorine hurting our eyes, and the snorkel helps us breathe easily while we float on the surface of the blue water. We love to dive to the bottom of the pool to retrieve shiny red rings and practice our swimming strokes with our friends. It is a very fun and active way to spend our summer days when the weather is extremely hot outside in our {to:wn:An urban area smaller than a city.} near the public {pa:rk:A large public garden.} pool."
[ERROR] Template index 96 has 3 placeholders instead of 5: "The professional gardener uses a pair of sharp pruning shears to trim the dead branches of the sweet-smelling rose bushes in the public botanical garden. He works hard in the early morning to make sure the flowers are healthy, beautifully arranged, and free of harmful insects. He also plants new colorful flowerbeds of purple lavender and yellow marigolds to attract busy bees and beautiful butterflies that help pollinate the plants. He enjoys working outdoors in nature and takes great pride in maintaining a peaceful and beautiful green space for the city residents to visit {an:d:Used to connect words.} enjoy with their family on sunny {da:ys:Plural of day.} in {su:mmer:The warmest season of the year.}."
[ERROR] Template index 97 has 2 placeholders instead of 5: "The young boy uses a small metal trowel to dig a shallow trench in the rich black soil of our vegetable garden. He plants six small organic seeds of a green bean plant and covers them gently with the dark earth. He uses a plastic watering can to water the soil every afternoon so the seeds can germinate and grow into strong green vines that climb up the wooden trellis. He is very excited to watch his plants grow and looks forward to picking fresh green beans for our family dinner during the late summer days when the weather is warm in our quiet {to:wn:An urban area smaller than a city.} near the country {si:de:The land of a rural area.}."
[ERROR] Template index 98 has 3 placeholders instead of 5: "We visit the local science museum to see an exciting interactive exhibition about electricity, space exploration, and robotic technology. We can touch a plasma globe to see purple light follow our fingers, look at a real model of the Apollo lunar lander, and watch a smart robotic arm build a small toy car. We learn how scientists use technology to solve complex global problems and explore distant planets in our solar system. It is a very inspiring visit that makes us want to study science and engineering when we grow up and attend university {in:Expressing the situation of something.} the future years of {ou:r:Belonging to us.} young {li:ves:Plural of life.}."
[ERROR] Template index 99 has 2 placeholders instead of 5: "The professional chef uses a sharp stainless steel knife to chop fresh vegetables on a heavy wooden cutting board in his busy restaurant kitchen. He chops red onions, orange carrots, green celery, and ripe red tomatoes to make a delicious and healthy vegetable soup for the evening guests. He heats a large metal pot on the stove, adds a splash of golden olive oil, and sautés the vegetables until they are soft and fragrant. He adds fresh herbs, water, and a pinch of salt to create a perfect soup that is warm, nutritious, and loved by everyone in our local {to:wn:An urban area smaller than a city.} near the scenic {ri:ver:A large natural stream of water.}"
[ERROR] Template index 100 has 4 placeholders instead of 5: "The professional {ar:chitect:A person who designs buildings.} sits at her clean drawing table to design a modern school building for our town. She draws detailed blueprints using a long ruler and a sharp pencil, planning the exact locations of the classrooms, the library, and the large gym. She wants to make the school safe, energy-efficient, and filled with natural light from large glass windows. She works very hard to complete the drawings before the construction workers start building the foundation next spring {ye:ar:The period of 365 days.} in our quiet suburban {co:mmunity:A group of people living in the same place.} near the primary {sc:hool:An institution for educating children.} playground."
[ERROR] Template index 101 has 4 placeholders instead of 5: "We wear our warm winter {ja:ckets:Plural of jacket.} and comfortable leather boots when we walk through the deep snow to the frozen lake in the city park. The air is freezing cold, and our breath looks like white clouds in the morning light. We meet our friends to play a fun game of ice hockey on the thick ice, laughing and sliding as we chase the black rubber puck across the rink. We stay warm by moving quickly and drinking hot chocolate from a metal thermos during our break at twelve o'clock {no:on:The middle of the day.} before we walk back to our warm {ho:use:A building for human habitation.} on the quiet {st:reet:A public road.}."
[ERROR] Template index 102 has 3 placeholders instead of 5: "The skilled auto {me:chanic:A person who repairs machinery.} uses a digital diagnostic tool to find the problem with our family car's engine. He discovers that a small rubber hose is cracked and needs to be replaced immediately to prevent the engine from overheating on the road. He uses a metal wrench to remove the damaged hose and installs a brand new one from his parts room. He also checks the fluid levels, tests the brakes, and ensures the tires are safe before handing us the keys with a friendly smile in his busy garage {sh:op:A place where things are repaired.} near the main highway {ro:ad:A wide way.}."
[ERROR] Template index 103 has 4 placeholders instead of 5: "A beautiful blue {ja:y:A bird of the crow family.} lands on our wooden bird feeder, wiggling its feathers and making a loud chirping sound to warn other birds. It picks a large sunflower seed with its sharp black beak and flies back to the branch of the tall pine tree in our yard. We love to watch the colorful birds from our dining room window while we eat our breakfast in the morning. We keep a small bird guide book on the table to help us identify all the different species that visit our garden during the warm days of {sp:ring:The season after winter.} when the flowers blossom and {ea:rth:The planet on which we live.} feels green {an:d:Used to connect words.} beautiful."
[ERROR] Template index 104 has 4 placeholders instead of 5: "We visit the local public {aq:uarium:A building containing fish and other water creatures.} to see a colorful exhibition of tropical fish, green sea turtles, and majestic manta rays from the coral reefs. We walk through a giant glass tunnel while sharks and schools of silver fish swim gracefully above our heads in the deep blue saltwater. We learn how marine biologists protect endangered sea creatures and preserve the delicate balance of the ocean ecosystems. It is a very exciting and educational trip that teaches us a lot about marine life and inspires us to protect our natural world and the beautiful blue {se:a:The expanse of salt water.} during our summer {va:cation:A holiday.} with our family {cl:ub:An association of people.}."
[ERROR] Template index 105 has 4 placeholders instead of 5: "We wear a pair of comfortable {sn:eakers:Plural of sneaker; sports shoes.} and light cotton clothes when we walk to the sports complex to play a friendly game of tennis with our classmates. The outdoor courts are clean and well-maintained, with green nets and white lines painted on the smooth blue surface. We practice our serves and volleys carefully, trying to hit the yellow tennis ball over the net and keep it inside the lines. We enjoy the healthy physical exercise and drink fresh water from our bottles to stay hydrated during our match under the warm summer {su:n:The star that warms the earth.} in our beautiful country {to:wn:An urban area smaller than a city.} near the public {pa:rk:A large public garden.} complex."
[ERROR] Template index 107 has 4 placeholders instead of 5: "We use a clean electric {bl:ender:An electrical appliance for puréeing or mixing.} to mix a healthy and delicious green smoothie for our afternoon snack after our school lessons. We put a cup of fresh spinach, one ripe yellow banana, a handful of sweet strawberries, and a glass of cold almond milk into the plastic pitcher. We secure the lid tightly and press the button to blend the ingredients until they are perfectly smooth and creamy. We pour the refreshing beverage into tall glass cups and drink it with a paper straw in our cozy kitchen before we start doing our daily homework {sh:eet:A piece of paper.} near the window {at:In or at a position.} our wooden study {de:sk:A piece of furniture.}."
[ERROR] Template index 108 has 4 placeholders instead of 5: "We use a soft organic {lo:tion:A liquid preparation applied to the skin.} to moisturize our hands and face after we take a warm bath in our clean bathroom. The lotion has a pleasant scent of lavender and sweet almond oil that makes our skin feel extremely soft, healthy, and smooth. We also brush our teeth with a soft toothbrush and minty toothpaste to keep our mouth fresh and our smile bright. We put on our comfortable cotton pajamas and climb into our cozy bed, ready to fall into a peaceful sleep that will give our body rest until the morning {su:n:The star that warms the earth.} rises in the east {sk:y:The region of the atmosphere.} at six {o'clock:Used in telling time.}."
[ERROR] Template index 109 has 4 placeholders instead of 5: "The busy local post {of:fice:A room or building where postal business is conducted.} has three service counters and a large sorting room filled with letters and packages for our community. The friendly postal workers weigh the packages carefully, calculate the correct postage, and print shipping labels for the customers who stand in line. They work very hard to ensure that every letter and package is delivered safely and on time to its destination. We buy a sheet of colorful stamps and mail a handwritten birthday card to our grandmother who lives in a distant city across our beautiful country {to:day:On the present day.} during our school {br:eak:A pause or interval.} in the warm {af:ternoon:The time from noon to evening.}."
[ERROR] Template index 110 has 4 placeholders instead of 5: "We use a sharp metal {pe:nknife:A small pocketknife.} to sharpen our sketching pencils before we start our weekly art class in the school studio. The teacher shows us how to draw a realistic still life of a basket of fruit and a glass bottle on a wooden table. We use our graphite pencils to create realistic shadows and highlights on the white drawing paper, working quietly and focused on our art. We learn how to observe the light source and use different shading techniques to make our drawings look three-dimensional and professional on the display board {in:Expressing the situation of something.} our school corridor {fo:r:With the object or purpose of.} all visitors to see {th:ere:In or at that place.}."
[ERROR] Template index 111 has 4 placeholders instead of 5: "The expert pediatric {pe:diatrician:A medical practitioner specializing in children.} uses a small stethoscope to listen to our heartbeat and check our lungs during our annual medical checkup at the clinic. He is very gentle and friendly, asking us how we feel and if we have any health questions about our diet or sleep. He measures our height and weight carefully, noting them in our digital health file, and advises us to eat plenty of fresh vegetables and exercise daily. He also checks our ears, throat, and reflexes to ensure we are growing healthy, strong, and active in our daily {li:fe:The condition that distinguishes organisms.} at school and {ho:me:The place where one lives permanently.} with our happy {fa:mily:A group of parents and children.}."
[ERROR] Template index 112 has 3 placeholders instead of 5: "The professional pastry {ch:ef:A professional cook.} works in the warm kitchen of a popular French bakery, creating delicious chocolate eclairs, fruit tarts, and custom wedding cakes. She uses a large stand mixer to whip fresh cream, sweet sugar, and egg whites into a fluffy meringue. She decorates the pastries with fresh raspberries, grated chocolate, and gold leaf, making them look like beautiful works of art in the display case. Customers line up outside the shop every morning, drawn by the delicious aroma of baking butter and sweet vanilla that drifts down the paved street in our {to:wn:An urban area smaller than a city.} near the old historical {ca:stle:A large fortified building.}."
[ERROR] Template index 113 has 4 placeholders instead of 5: "We go to the local {bo:tanical:Relating to plants.} garden once a month to learn about different plant species, exotic flowers, and ancient trees from all over the world. The garden has a giant glass greenhouse that maintains a warm tropical climate, allowing beautiful orchids, tall palm trees, and colorful carnivorous plants to thrive. We walk along the stone paths, taking notes and taking photographs for our science project about plant adaptations in different environments. It is a very relaxing and educational place that shows us the incredible diversity and beauty of nature on our earth {an:d:Used to connect words.} inspires us to protect {it:Pronoun referring to a thing.} for the future {ge:nerations:Plural of generation; people born around the same time.}."
[ERROR] Template index 114 has 3 placeholders instead of 5: "The yellow school bus stops near our house every morning at exactly ten minutes to eight to transport us to our primary school. We greet the friendly bus driver and sit next to our classmates, talking about our favorite science experiments and the spelling test we have today. The bus is equipped with comfortable seats and safety belts, and the driver drives very carefully through the suburban streets to ensure we arrive safely at the school yard. We walk into our classroom, ready to unpack our bags and start our daily lessons with a happy smile {on:Physically in contact with a surface.} our faces {at:In or at a position.} our wooden desks near the {wa:ll:A continuous vertical structure.}."
[ERROR] Template index 115 has 3 placeholders instead of 5: "A beautiful white swan builds a cozy nest of dry reeds and soft grass on a small island in the middle of the city park lake. It lays five large white eggs and sits on them patiently to keep them warm and protected from the cold wind and curious animals. Its partner swims nearby, watching the shore carefully and hissed softly if anyone gets too close to their nesting site. Soon, five fluffy gray cygnets will hatch and swim gracefully behind their proud parents in the calm water of the lake during the warm summer {da:ys:Plural of day.} when the park is full of happy {pe:ople:Plural of person.} enjoying the beautiful {su:nlight:Light from the sun.}."
[ERROR] Template index 116 has 4 placeholders instead of 5: "The experienced civil {en:gineer:A person who designs public works.} uses a digital tablet to inspect the steel structure of the new bridge being built across our wide river. He checks the blueprints carefully to ensure that the concrete pillars and steel cables are installed correctly and can support the weight of heavy trucks and cars. He collaborates with the construction crew to resolve any safety issues and keep the project on schedule for the grand opening next month. The new bridge will reduce traffic congestion and connect our quiet suburban town to the busy city center across the blue {wa:ter:A colorless, transparent liquid.} of our beautiful scenic {ri:ver:A large natural stream of water.} near the old country {ro:ad:A wide way.}."
[ERROR] Template index 117 has 4 placeholders instead of 5: "The professional custom {se:amstress:A woman who sews, especially professionally.} uses a modern sewing machine to sew a beautiful silk gown for a local theater production. She measures the actor carefully, cuts the delicate fabric with a pair of sharp shears, and pins the pieces together before sewing the seams with great precision. She adds intricate lace details on the collar and a series of shiny pearl buttons down the back to make the costume look historical and authentic. The actor is very pleased with the dress and thanks her for her incredible skill and hard work which will shine under the bright stage {li:ghts:Plural of light.} during the opening night {sh:ow:A theatrical presentation.} in the grand {th:eater:A building where plays are performed.}."
[ERROR] Template index 118 has 3 placeholders instead of 5: "A tiny green caterpillar crawls slowly along the stem of a blooming rose bush in our backyard garden, searching for fresh green leaves to eat. It wiggles its segmented body and chews a small neat hole in a leaf, eating quietly under the warm afternoon sun. In a few days, it will attach itself to a sturdy branch, shed its skin, and form a hard green chrysalis to begin its amazing transformation. Inside the chrysalis, it will grow wings and emerge as a beautiful monarch butterfly that will fly high in the air to visit the sweet summer {fl:owers:Plural of flower.} in our garden near the wooden {fe:nce:A barrier enclosing an area.} behind our green {la:wn:An area of short-cut grass.}."
[ERROR] Template index 119 has 4 placeholders instead of 5: "The clever young detective uses a pocket {fl:ashlight:A small portable electric lamp.} to search for clues in the dark and dusty corners of the old abandoned warehouse. He notices a set of fresh muddy footprints leading toward a locked wooden door at the back of the building. He uses a small magnifying glass to examine the dirt on the floor and finds a small piece of blue fabric torn from a jacket. He writes down all these important clues in his leather notebook, determined to solve the mysterious disappearance before the morning sun rises and the police officers arrive to help him with the investigation {at:In or at a position.} the crime scene in the quiet {to:wn:An urban area smaller than a city.} near our primary {sc:hool:An institution for educating children.}."
[ERROR] Template index 120 has 4 placeholders instead of 5: "We use a powerful electric {va:cuum:An electrical appliance that cleans floors.} cleaner to clean the thick carpet in our living room and remove any dust, dirt, and pet dander. The vacuum has a long flexible hose and different brush attachments that allow us to clean hard-to-reach corners under the sofa and bookshelf. We work quickly and efficiently, listening to our favorite upbeat music to make the chore fun and engaging. Once we finish cleaning, we empty the dust container into the trash can and spray a sweet lemon air freshener to make our home smell clean, fresh, and welcoming for our weekend {vi:sitors:Plural of visitor.} who will arrive at five {o'clock:Used in telling time.} in the evening for a delicious dinner {pa:rty:A social gathering.}."
[ERROR] Template index 121 has 3 placeholders instead of 5: "The young history {st:udent:A person who is studying.} uses a digital tablet to search for interesting facts about the construction of the ancient Great Wall of China for her class presentation. She reads articles, watches educational videos, and looks at detailed maps showing the path of the massive stone wall across the mountains. She takes notes in her notebook and prepares a colorful slideshow with pictures of the watchtowers and the beautiful landscape. She is very excited to share her knowledge with her teacher and her classmates during their social studies lesson on Wednesday morning in the school {li:brary:A building containing collections of books.} near the main entrance of our modern {sc:hool:An institution for educating children.} building."
[ERROR] Template index 122 has 4 placeholders instead of 5: "We use a clean electric {to:aster:An electrical appliance for toasting bread.} to toast two thick slices of homemade whole wheat bread for our healthy breakfast. When the toast is ready, it pops up automatically with a soft sound, smelling warm, fresh, and absolutely delicious. We use a butter knife to spread sweet orange marmalade and creamy almond butter on the warm slices. We enjoy our breakfast with a cup of hot chamomile tea and a fresh green apple, which gives us plenty of energy to start our daily activities at school and play with our friends during our recess time {in:Expressing the situation of something.} the sunny school yard {wi:th:Accompanied by.} our kind and caring {te:achers:Plural of teacher.}."
[ERROR] Template index 123 has 3 placeholders instead of 5: "We wear a pair of high rubber {ra:inboots:Plural of rainboot; boots worn to keep feet dry.} to keep our feet completely dry when we walk to the neighborhood park on a very rainy autumn afternoon. The sky is dark and gray, and the rain falls in heavy drops, creating large puddles of water on the paved paths. We carry a large blue umbrella to shield our clothes and our backpacks from the wet weather. We enjoy walking in the rain, watching the ripples in the puddles and listening to the soft sound of water splashing against our boots as we walk carefully along the sidewalk near our {ho:use:A building for human habitation.} in our quiet suburban {to:wn:An urban area smaller than a city.}."
[ERROR] Template index 124 has 3 placeholders instead of 5: "A clever little {ha:mster:A small rodent.} runs incredibly fast on its metal exercise wheel inside its wire cage in our warm living room. It wiggles its tiny pink nose, blinks its shiny black eyes, and stuffs its cheeks with sweet sunflower seeds to carry back to its cozy nest. It is a very clean, quiet, and playful pet that brings a lot of happiness and entertainment to our family. We enjoy watching its funny antics, feeding it fresh vegetables, and cleaning its cage every Saturday morning to keep it healthy, happy, and active in our cozy {ho:me:The place where one lives permanently.} near the quiet suburban {st:reet:A public road.}."
[ERROR] Template index 125 has 4 placeholders instead of 5: "We visit the local maritime {mu:seum:A building in which objects of interest are stored.} to see a historical exhibition about ancient wooden sailing ships that crossed the Atlantic Ocean hundreds of years ago. We see scale models of the massive ships, antique brass compasses used for navigation, and old hand-drawn maps used by early explorers. We learn how the brave sailors navigated by the stars, endured fierce storms, and managed their food and water during their long journeys across the sea. It is a fascinating visit that teaches us a lot about history and geography on a cold winter afternoon with our dear {pa:rents:Plural of parent.} in the city {ce:nter:The middle point of an area.} near the old harbor {do:cks:Plural of dock.}."
[ERROR] Template index 126 has 4 placeholders instead of 5: "The young girl uses a wooden {ea:sel:A frame for holding an artist's work.} to hold her large canvas while she paints a beautiful landscape of a snow-capped mountain. She mixes bright colors on her wooden palette and uses different brushes to paint the blue sky, the white peaks, and the green pine trees. She spends many hours refining the details, trying to capture the warm light of the setting sun reflecting off the snow. She is very passionate about art and hopes to showcase her paintings in a local gallery someday when she grows up and becomes a professional {ar:tist:A person who paints, writes, or plays music.} in our quiet suburban {to:wn:An urban area smaller than a city.} near the scenic {la:ke:A body of water.}."
[ERROR] Template index 127 has 4 placeholders instead of 5: "A small gray {sq:uirrel:A small rodent with a bushy tail.} gathers ripe acorns from the ground and carries them in its mouth to store inside a hollow tree trunk. It works tirelessly all day long to prepare for the cold winter when food is scarce in the forest. It has a fluffy tail that helps it keep its balance when it jumps from branch to branch on the tall oak trees. We love to watch it play in our backyard and climb up the wooden fence near our garden during the warm autumn days before the first winter snow covers the ground {wi:th:Accompanied by.} a thick white blanket of frozen water {va:por:Gaseous state of a substance.} under the cold {sk:y:The region of the atmosphere.}."
[ERROR] Template index 128 has 3 placeholders instead of 5: "The young boy uses a small metal {tr:owel:A small handheld tool with a flat blade.} to dig a deep hole in the rich dark soil of our backyard vegetable garden. He plants a tiny green seed of a red tomato plant and covers it gently with the moist earth. He uses a plastic watering can to water the soil every afternoon so the seed can sprout and grow into a strong plant. He watches the garden daily, hoping it will grow tall and produce sweet tomatoes for our family salad during the warm summer days when the weather is sunny in our quiet country {to:wn:An urban area smaller than a city.} near the old historical {fa:rm:An area of land used for growing crops.} house."
[ERROR] Template index 129 has 4 placeholders instead of 5: "The professional auto {me:chanic:A person who repairs machinery.} uses a heavy metal wrench to loosen a rusty bolt on the engine of our family car in his garage. He checks the oil level, tests the car battery, and ensures all the rubber tires are filled with the correct amount of air to keep us safe on the road. He works very quickly and efficiently to repair the car so we can drive to the countryside for our weekend picnic. We thank him for his excellent service and pay him with a shiny silver bank card before we drive back to our happy home {in:Expressing the situation of something.} our quiet suburban neighborhood {ne:ar:At or to a short distance away.} the primary {sc:hool:An institution for educating children.}."
[ERROR] Template index 130 has 4 placeholders instead of 5: "A little honeybee wiggles its wings and flies from one bright red flower to another in our beautiful backyard garden, collecting sweet nectar and yellow pollen to carry back to its busy hive. In the hive, the bees work together as a team to make delicious sweet honey that we love to eat with our warm toast. The honeybee is a very important insect that helps our garden flowers grow and thrive during the warm days of the sunny summer when the sky is clear and blue. We make sure to plant plenty of sweet flowers to support the busy bees in their daily {wo:rk:Activity involving physical effort.} and protect them from harmful chemicals {th:at:Used to identify a specific thing.} can hurt our local {en:vironment:The natural world.} near our cozy {ho:me:The place where one lives permanently.}."
[ERROR] Template index 131 has 3 placeholders instead of 5: "We use a clean glass pitcher to make a cool and refreshing drink of sweet lemonade on a hot summer afternoon in our cozy kitchen. We squeeze the fresh juice of four yellow lemons, add three cups of cold water, and mix in a cup of sweet sugar. We add some ice cubes to make the beverage freezing cold and delicious to drink while we sit under the shade of our giant oak tree in the backyard garden. It is the perfect way to cool down and enjoy a lazy weekend with our happy family at our cozy home in the quiet suburb near the busy city {ce:nter:The middle point of an area.} on a warm {sa:turday:The day of the week after Friday.} after our weekly {sh:opping:The action of buying goods from shops.} trip."
[ERROR] Template index 132 has 3 placeholders instead of 5: "The young girl uses a pair of shiny metal ice skates to glide smoothly across the frozen surface of the public outdoor rink in the city park. She wears a thick woolen scarf around her neck and a warm pink hat to protect her ears from the freezing winter wind. She practices her turns and spins carefully, laughing when she loses her balance and falls onto the soft snow near the wooden fence. She enjoys the winter sport very much and wants to stay until the lights turn on at six o'clock in the evening when the park gets quiet and the stars begin to shine brightly in the dark winter {sk:y:The region of the atmosphere.} above our peaceful suburban {to:wn:An urban area smaller than a city.} near the snowy {hi:lls:Plural of hill.}."
[ERROR] Template index 133 has 3 placeholders instead of 5: "A beautiful green humming bird hovers near the colorful trumpet vine in our garden, wiggling its tiny wings so fast that they look like a blur. It dips its long, slender beak into the sweet flowers to drink the sugary nectar that gives it the energy to fly all day long. It is the smallest bird in our state and has an iridescent throat that shines like a jewel in the bright morning sunlight. We feel very lucky to watch this amazing little creature from our kitchen window during our breakfast time every single morning in the warm season of spring when the weather is perfect and the garden feels full of life {an:d:Used to connect words.} color near our quiet wooden {ho:use:A building for human habitation.} in our peaceful country {si:de:The land of a rural area.}."
[ERROR] Template index 134 has 3 placeholders instead of 5: "The professional carpenter uses a sharp chisel to carve a beautiful pattern on the edge of a new wooden dining table. He works in his noisy workshop filled with the pleasant smell of cut pine and oak sawdust. He uses a sheet of sandpaper to make the wood surface perfectly smooth and applies a coat of shiny varnish to protect the table from scratches and stains. He is very proud of his handiwork and hopes the table will last for many generations in a happy family house in our quiet country town near the scenic river where he has lived for many years {wi:th:Accompanied by.} his loving wife and three young {ki:ds:Plural of kid; children.} who attend the local primary {sc:hool:An institution for educating children.}."
[ERROR] Template index 135 has 3 placeholders instead of 5: "We go to the local farmers market every Saturday morning to buy fresh organic fruits, vegetables, and homemade baked goods from the local farmers. We fill our large canvas bags with sweet red strawberries, green spinach, yellow squash, and fresh farm eggs. We also buy a jar of sweet clover honey and a loaf of warm sourdough bread from a friendly baker who smiles at us. It is a wonderful way to support our community and get healthy food for our weekly meals at home with our dear parents and little sister who loves to help us cook delicious dinners in our kitchen {on:Physically in contact with a surface.} the weekend days when we have plenty of {sp:are:Not being used.} time to relax {to:gether:With each other.} as a family."
[ERROR] Template index 136 has 3 placeholders instead of 5: "The clever young girl uses a digital camera to take high-quality photographs of the colorful autumn leaves on the tall maple trees in the park. She captures the beautiful shades of red, orange, and yellow as the leaves fall gently onto the grass. She wants to print her best pictures and make a colorful collage for her school art project on Monday morning. Her teacher always praises her artistic eye and encourages her to continue exploring the world through her camera lens to discover new beauty in the natural world around her peaceful suburban home near the scenic lake where she loves to walk {wi:th:Accompanied by.} her friendly dog every afternoon after she finishes her daily school {ho:mework:Schoolwork done at home.} on her wooden {de:sk:A piece of furniture.}."
[ERROR] Template index 137 has 3 placeholders instead of 5: "A proud mother bird sits patiently on her nest of twigs and soft feathers, warming her four tiny blue eggs. The nest is hidden safely among the thick green leaves of a tall pear tree in our backyard garden, protected from the cold wind and hungry cats. In a few days, the eggs will hatch, and four hungry little chicks will emerge, chirping loudly for food. The mother and father birds will fly back and forth all day to find small worms and insects to feed their growing family in the warm garden near our cozy wooden house where we live with our parents who love to watch the birds {fr:om:Expressing the point in space where something starts.} our large kitchen window during our morning breakfast {ti:me:The progress of existence.} on sunny summer {da:ys:Plural of day.}."
[ERROR] Template index 138 has 3 placeholders instead of 5: "We wear our protective life jackets when we step onto the wooden deck of the small sailing boat at the harbor. The captain checks the wind direction and unfurls the large white sail to catch the steady breeze across the wide lake. The boat glides smoothly over the gentle waves, leaving a trail of white foam in the deep blue water behind us. We enjoy the fresh air and watch the white seagulls fly overhead, searching for small fish near the water surface on this beautiful summer day with our happy family and best friends from school who love to go on exciting outdoor adventures {wi:th:Accompanied by.} us during our long summer holidays when the weather is warm and the sky is {cl:ear:Free of clouds.} near our lakeside cabin {sh:ore:The land along the edge of a body of water.}."
[ERROR] Template index 139 has 3 placeholders instead of 5: "The skilled artist uses a box of colorful soft pastels to draw a realistic portrait of a furry white rabbit on a sheet of textured gray paper. He blends the colors gently with his fingers to create the soft texture of the rabbit's fur and uses a white pastel to add a bright shine to its round black eyes. He is very detailed in his work and spends many hours in his quiet art studio to make the portrait look alive. He hopes to win first prize in the annual community art competition held at the local library next month in our quiet suburban town near the scenic river where many artists live and create their beautiful works {of:Expressing the relationship between a part and a whole.} art to share with the whole world {on:Physically in contact with a surface.} their digital websites or social media {pa:ges:Plural of page.}."
[ERROR] Template index 140 has 3 placeholders instead of 5: "A small gray field mouse builds a warm nest of shredded paper and dry grass inside a cardboard box in the corner of our dry basement. It crawls out quietly at night to look for tiny food crumbs on the kitchen floor after everyone has gone to sleep. It has to be very careful to avoid our big black cat, who loves to hunt mice in the dark. The little mouse is quick and silent, wiggling its long whiskers as it searches for a tasty bite of yellow cheese or sweet bread to carry back to its cozy nest before the morning sun rises in the east and our family wakes up to start a busy new day {of:Expressing the relationship between a part and a whole.} school lessons and household chores in our comfortable family {ho:use:A building for human habitation.} near the quiet suburban {st:reet:A public road.}."
[ERROR] Template index 141 has 3 placeholders instead of 5: "The professional photographer carries a heavy tripod and two digital cameras to the top of the high hill to photograph the beautiful sunset over the city. He waits patiently for the sun to sink below the horizon, painting the sky in breathtaking shades of pink, purple, and orange. He adjusts the camera settings to capture the warm light reflecting off the glass windows of the tall city buildings in the distance. It is a spectacular sight that he will share on his popular travel blog for people to enjoy all over the world on their computer screens at home while they relax in their favorite chairs after a long day {of:Expressing the relationship between a part and a whole.} hard work or school study in their quiet rooms {ne:ar:At or to a short distance away.} the busy city center in our beautiful {st:ate:A nation or territory.}."
[ERROR] Template index 142 has 3 placeholders instead of 5: "We use a colorful plastic watering can to water our indoor potted plants every Sunday morning to keep them healthy and green. We have a small cactus on the desk, a leafy fern on the bookshelf, and a blooming pink orchid on the windowsill that gets plenty of bright morning sunlight. We make sure not to give them too much water so their roots do not rot in the dark soil. Taking care of our plants is a relaxing hobby that makes our bedroom feel lively and fresh during the cold winter months when we stay inside our warm and comfortable family house, listening to the wind and watching the snow fall slowly outside our window {on:Physically in contact with a surface.} the frozen ground near the public {pa:rk:A large public garden.} down our quiet suburban {st:reet:A public road.}."
[ERROR] Template index 143 has 3 placeholders instead of 5: "The clever young boy uses a plastic compass and a paper map to find his way during the weekend scout hiking trip in the state park. He leads his team of scouts along the narrow dirt path, checking the compass needle to ensure they are walking in the correct northern direction toward the campsite. They walk past tall pine trees, cross a small wooden bridge over a bubbling stream, and climb a steep rocky hill before they reach the campsite where they will pitch their green tents and build a warm campfire to cook their dinner under the bright stars in the dark sky, sharing funny stories and singing campfire songs together with their scout leader {wi:th:Accompanied by.} great enthusiasm and joy during their winter outdoor adventure {in:Expressing the situation of something.} the peaceful mountain forest {va:lley:A low area of land between hills.}."
[ERROR] Template index 144 has 3 placeholders instead of 5: "The busy librarian works at the front desk of our quiet neighborhood library, helping people find books and checking out their selections using a digital barcode scanner. She organizes the returned books on the metal carts and returns them to their correct places on the tall wooden bookshelves so they are easy to find. She also coordinates the weekly story hour for the local toddlers, reading funny stories and singing songs with them in the colorful children's section of the library. She loves her job because she gets to share her passion for reading with the whole community and meet many friendly people every day, including the students who come to study after school {ho:urs:Plural of hour.} to prepare for their exams in the quiet reading room {at:In or at a position.} the back of the library building {ne:ar:At or to a short distance away.} our house."
[ERROR] Template index 145 has 3 placeholders instead of 5: "We use a pair of protective plastic goggles and a long metal snorkel when we swim in the clear water of the swimming pool during our summer holiday. The goggles allow us to see underwater clearly without the chlorine hurting our eyes, and the snorkel helps us breathe easily while we float on the surface of the blue water. We love to dive to the bottom of the pool to retrieve shiny red rings and practice our swimming strokes with our friends. It is a very fun and active way to spend our summer days when the weather is extremely hot outside in our town near the public park pool where we can splash around and stay cool {wi:th:Accompanied by.} our family and best school friends who love water games {an:d:Used to connect words.} outdoor sports during their summer {va:cation:A holiday.}."
[ERROR] Template index 146 has 3 placeholders instead of 5: "The professional gardener uses a pair of sharp pruning shears to trim the dead branches of the sweet-smelling rose bushes in the public botanical garden. He works hard in the early morning to make sure the flowers are healthy, beautifully arranged, and free of harmful insects. He also plants new colorful flowerbeds of purple lavender and yellow marigolds to attract busy bees and beautiful butterflies that help pollinate the plants. He enjoys working outdoors in nature and takes great pride in maintaining a peaceful and beautiful green space for the city residents to visit and enjoy with their family on sunny days in summer when the weather is warm and the air is filled {wi:th:Accompanied by.} the sweet fragrance of blooming flowers of all kinds {in:Expressing the situation of something.} the beautiful park {ga:rden:A piece of ground for growing flowers.}."
[ERROR] Template index 147 has 2 placeholders instead of 5: "The young boy uses a small metal trowel to dig a shallow trench in the rich black soil of our vegetable garden. He plants six small organic seeds of a green bean plant and covers them gently with the dark earth. He uses a plastic watering can to water the soil every afternoon so the seeds can germinate and grow into strong green vines that climb up the wooden trellis. He is very excited to watch his plants grow and looks forward to picking fresh green beans for our family dinner during the late summer days when the weather is warm in our quiet town near the countryside where we can see fields of green crops and farm animals {gr:azing:Plural of grazing; eating grass.} peacefully under the bright sun near the old red barn house {wi:th:Accompanied by.} our dear grandparents."
[ERROR] Template index 148 has 3 placeholders instead of 5: "We visit the local science museum to see an exciting interactive exhibition about electricity, space exploration, and robotic technology. We can touch a plasma globe to see purple light follow our fingers, look at a real model of the Apollo lunar lander, and watch a smart robotic arm build a small toy car. We learn how scientists use technology to solve complex global problems and explore distant planets in our solar system. It is a very inspiring visit that makes us want to study science and engineering when we grow up and attend university in the future years of our young lives, hoping to make the world a better place {wi:th:Accompanied by.} our creative ideas and scientific discoveries that can help protect our environment {an:d:Used to connect words.} preserve our natural resources on this beautiful {ea:rth:The planet on which we live.}."
[ERROR] Template index 149 has 3 placeholders instead of 5: "The professional chef uses a sharp stainless steel knife to chop fresh vegetables on a heavy wooden cutting board in his busy restaurant kitchen. He chops red onions, orange carrots, green celery, and ripe red tomatoes to make a delicious and healthy vegetable soup for the evening guests. He heats a large metal pot on the stove, adds a splash of golden olive oil, and sautés the vegetables until they are soft and fragrant. He adds fresh herbs, water, and a pinch of salt to create a perfect soup that is warm, nutritious, and loved by everyone in our local town near the scenic river where many tourists come to dine and enjoy the beautiful views of the valley {wi:th:Accompanied by.} their family and friends during their weekend trips to the country {si:de:The land of a rural area.} in the beautiful season of {au:tumn:The season after summer.}"
[ERROR] Template index 151 has 4 placeholders instead of 5: "We wear our protective heavy ski gear and helmets when we ride the chairlift to the top of the steep snowy mountain. The air is freezing and windy, and the mountains are covered in a thick blanket of pristine white snow that shines in the winter sun. We glide down the slopes carefully, practicing our turns and controlled stops on the fresh powder, laughing when we occasionally lose our balance and slide into the soft snow near the pine trees. We enjoy the thrilling winter sport very much and spend the whole day skiing with our classmates and our experienced instructor who teaches us how to navigate the steep terrain {sa:fely:In a safe manner.} and avoid any hidden obstacles or icy patches on our {wa:y:A path or street.} down to the cozy ski lodge where we can relax and drink hot {te:a:A hot drink made by infusing dried leaves.} before we go {ho:me:The place where one lives permanently.}."
[ERROR] Template index 152 has 4 placeholders instead of 5: "The expert marine biologist uses a digital underwater camera to photograph the diverse sea creatures living on the coral reefs of the tropical island. She swims carefully near the seafloor, observing colorful parrotfish, slow-moving sea turtles, and tiny seahorses hiding in the seaweed. She is studying the impact of climate change and ocean acidification on the marine ecosystem, taking water samples to analyze the salinity and temperature levels in her research lab. She wants to raise public awareness about the importance of protecting our oceans and preserving the delicate coral reefs for future generations of sea life {th:at:Used to identify a specific thing.} are threatened by pollution and overfishing in the deep {bl:ue:The color of the sky on a clear day.} water of the vast {oc:ean:A very large expanse of sea.} near our coast {li:ne:A long, narrow mark or band.}."
[ERROR] Template index 153 has 4 placeholders instead of 5: "A majestic bald eagle circles high in the sky above the deep river valley, utilizing the warm air currents to glide effortlessly without flapping its broad wings. It has powerful talons, a sharp yellow beak, and incredible eyesight that can spot a small fish swimming near the water surface from a great distance. It dives down with amazing speed, splashes into the cold river water, and catches a silver salmon to carry back to its massive nest on the branch of a tall pine tree on the steep cliff. We watch this spectacular bird of prey through our binoculars, amazed by its grace, strength, and wild beauty {th:at:Used to identify a specific thing.} represents the untamed nature of our state's beautiful mountain wilderness {ar:ound:On every side of.} the quiet lakeside cabins where we spend our summer {va:cations:Plural of vacation; holidays.} with our loving {fa:mily:A group of parents and children.}."
[ERROR] Template index 154 has 4 placeholders instead of 5: "We visit the local planetarium to see a spectacular 3D presentation about the formation of our solar system, the life cycle of stars, and the search for black holes in distant galaxies. We sit in comfortable reclining chairs under a giant domed screen that projects realistic images of the night sky, constellations, and the colorful gas clouds of nebulae. We learn how gravity pulls dust and gas together to form new planets and how astronomers use radio telescopes to listen to signals from deep space. It is a mind-blowing experience that sparks our curiosity about the universe and makes us want to learn more about astrophysics and space exploration in {ou:r:Belonging to us.} science classes at school when our new semester {st:arts:Third person singular of start; begins.} in the autumn month of {se:ptember:The ninth month of the year.} with our best {fr:iends:Plural of friend.}."
[ERROR] Template index 155 has 4 placeholders instead of 5: "We wear a pair of comfortable running shoes and lightweight activewear when we participate in the annual community charity run in the city park. The weather is perfect, with a cool morning breeze and bright sunshine that warms the green trees and paved pathways of the park. We run alongside hundreds of other participants of all ages, cheering each other on and pushing ourselves to complete the five-kilometer course to raise money for our local children's hospital. It is a wonderful feeling to cross the finish line, receive a shiny participation medal, and celebrate our athletic achievement with our happy family and friends who came to support {us:Used by a speaker to refer to himself or herself and other people.} and enjoy the lively community event under the clear blue {sk:y:The region of the atmosphere.} of our beautiful hometown near the scenic {ri:ver:A large natural stream of water.} valley {on:Physically in contact with a surface.} Sunday morning."
[ERROR] Template index 156 has 4 placeholders instead of 5: "The professional landscape architect sits at his computer, using advanced 3D design software to plan a new public park for our growing suburban community. He designs a layout that includes paved walking paths, a wooden bridge over a scenic stream, a children's playground with safe rubber flooring, and beautiful flowerbeds planted with native lavender and sunflowers. He also plans the placement of solar-powered streetlights and recycling bins to make the park eco-friendly, sustainable, and accessible to everyone. He collaborates with the city council to ensure the design meets the community's needs and budget, creating a beautiful green space where people can relax and play {wi:th:Accompanied by.} their children during their weekend leisure hours in the warm season of {su:mmer:The warmest season of the year.} when the trees are full of green leaves {an:d:Used to connect words.} the weather is perfect for outdoor {ac:tivities:Plural of activity; things that people do.}."
[ERROR] Template index 157 has 3 placeholders instead of 5: "We use a clean electric juicer to extract fresh and nutritious juice from four ripe organic oranges, two crisp green apples, and a small piece of spicy ginger for our morning beverage. The juicer separates the sweet liquid from the fibrous pulp quickly, filling the glass pitcher with a bright orange drink that is packed with healthy vitamins and minerals to boost our immune system. We pour the refreshing juice into tall glass cups, add a few ice cubes, and enjoy it with our toasted whole wheat bread and farm-fresh eggs in our sunny kitchen. It is the best and most delicious way to start our busy day of school lessons and outdoor sports with our active classmates {at:In or at a position.} our school yard during our recess break at half past ten {in:Expressing the situation of something.} the morning before our math exam {st:arts:Third person singular of start; begins.} on Tuesday afternoon."
[ERROR] Template index 158 has 3 placeholders instead of 5: "We use a soft cotton towel and a gentle foaming cleanser to wash our face, remove any dirt, oil, and sweat after our intensive afternoon soccer practice with the school team. It is essential to maintain a daily skincare routine to keep our skin clean, hydrated, and healthy, preventing any irritation or blemishes caused by sweat and dust from the sports field. We rinse our face thoroughly with lukewarm water, apply a lightweight moisturizing lotion with a pleasant lavender scent, and dry ourselves with a clean towel in our bathroom. Taking care of our body is an important part of our overall health and wellness, helping us feel fresh, confident, and ready for a peaceful night's {sl:eep:A condition of resting.} in our cozy bed after we finish our daily {ho:mework:Schoolwork done at home.} and read our favorite book before {ni:ght:The period of darkness.} falls."
[ERROR] Template index 159 has 3 placeholders instead of 5: "The busy regional post office is a hub of activity on Monday morning, with postal workers sorting thousands of letters, magazines, and cardboard packages for delivery to homes and businesses across our county. The front service counter is staffed by three friendly clerks who help customers purchase postage stamps, mail international packages, and renew their passport applications. They use digital scales and barcode scanners to process each shipment quickly and securely, ensuring that every item is tracked and delivered to the correct address on time. We mail a special hand-painted greeting card and a small birthday gift to our dear aunt who lives in a distant state, thanking the clerk for her helpful and polite {se:rvice:The action of helping or doing work for someone.} before we walk back to our primary school building near the local {li:brary:A building containing books.} to attend our afternoon English literature {cl:ass:A group of students.} with our classmates."
[ERROR] Template index 160 has 2 placeholders instead of 5: "We use a sharp pocketknife to carefully whittle a small piece of soft pine wood into the shape of a miniature sailing boat during our weekend outdoor camping trip with our scout troop. Our experienced scout master shows us how to hold the wood safely and cut away from our body to avoid any painful cuts or accidents while using the sharp blade. We work patiently under the shade of a tall pine tree, carving the hull, the mast, and the tiny details of the cabin until our wooden boat is perfectly shaped and ready for its first test voyage. We launch our handmade boat in the calm water of a small bubbling stream near our campsite, watching it float gracefully over the gentle ripples under the warm afternoon {su:nlight:Light from the sun.} that filters through the thick green forest canopy {ar:ound:On every side of.} our tents."
[ERROR] Template index 161 has 2 placeholders instead of 5: "The dedicated family doctor uses a digital blood pressure monitor and a stethoscope to perform a comprehensive physical examination on our grandfather during his regular checkup at the medical center. She listens to his heartbeat, checks his lung capacity, and reviews his daily exercise routine and diet to ensure his cardiovascular system is functioning healthy and strong. She is very patient and kind, explaining the results of his blood tests in simple terms and adjusting his daily vitamins to help him maintain his energy levels and active lifestyle. Our grandfather thanks her for her excellent medical care and expertise, which helps him stay in great physical health so he can continue playing tennis with us on sunny {sa:turday:The day of the week after Friday.} mornings in the public park near our happy suburban {ho:me:The place where one lives permanently.} and school."
[ERROR] Template index 162 has 3 placeholders instead of 5: "The professional pastry chef in the grand hotel kitchen uses a copper pot to boil sweet heavy cream and dark Swiss chocolate to make a rich ganache for a three-tiered chocolate mousse cake. He whips the egg whites and sugar in a large metal bowl to create a glossy meringue that he gently folds into the chocolate batter before baking the layers to perfection. He assembles the cake with layers of fresh raspberries and smooth chocolate cream, decorating the top with elegant chocolate curls and a dust of cocoa powder. The finished dessert is a stunning masterpiece that will be served at the central banquet hall during the high-society anniversary celebration this weekend, impressing all the guests with its exquisite design and rich, heavenly {ta:ste:The sensation of flavor.} that melts in their mouth {sl:owly:At a slow speed.} during the festive evening {di:nner:The main meal of the day.} event."
[ERROR] Template index 163 has 3 placeholders instead of 5: "We explore the giant tropical greenhouse in the city's botanical garden, amazed by the lush vegetation, colorful exotic orchids, and towering palm trees that grow under the warm and humid glass dome. The greenhouse simulates a tropical rainforest environment, allowing plants from South America, Africa, and Asia to grow and bloom throughout the cold winter months. We walk along the winding stone paths, listening to the soothing sound of a small artificial waterfall and watching colorful butterflies flutter around the sweet-smelling flowers. We take detailed notes and capture photographs of the unique plant leaf structures for our science presentation about biodiversity and conservation, which we will share with our teacher and classmates in our biology {cl:ass:A group of students.} next Thursday morning at nine {o'clock:Used in telling time.} in our primary {sc:hool:An institution for educating children.}."
[ERROR] Template index 164 has 2 placeholders instead of 5: "The yellow school bus is equipped with a modern GPS navigation system and flashing safety lights to transport students safely from their suburban neighborhoods to the elementary school. Every morning at exactly a quarter past seven, the friendly bus driver pulls up to our street corner, greets us with a warm smile, and reminds us to buckle our seatbelts before he starts driving. We find our seat next to our classmates and talk about our science projects, our favorite video games, and the exciting field trip we have planned for the weekend. The bus rides smoothly through the streets, navigating the morning traffic carefully to ensure we arrive at the school yard on time for our first lesson of the day, which begins with a cheerful greeting from our teacher in our clean {cl:assroom:A room in which a class of students is taught.} near the big writing {bo:ard:A flat surface.}."
[ERROR] Template index 165 has 3 placeholders instead of 5: "A beautiful white swan swims gracefully near the grassy bank of the quiet lake in the central city park, wiggling its long neck and dipping its yellow beak underwater to feed on aquatic plants. It has soft white feathers, a powerful black mask around its eyes, and a proud posture that attracts many visitors who stop to photograph the elegant bird from the wooden walking path. A mother and her little child sit on a bench near the water, throwing small pieces of healthy grain for the swan and its five fluffy gray cygnets that swim closely behind their mother. The swan family enjoys the quiet afternoon in the park, peaceful and safe from any disturbances under the shade of a large weeping willow tree whose branches touch the calm surface of the blue {wa:ter:A colorless, transparent liquid.} of the scenic public {la:ke:A body of water.} in our peaceful suburban {to:wn:An urban area smaller than a city.}."
[ERROR] Template index 166 has 2 placeholders instead of 5: "The experienced structural engineer uses a digital tablet to review the structural load calculations of the new concrete pillars being installed for the high-speed railway bridge across our wide valley. He checks the reinforcement steel bars and the quality of the concrete mix carefully to ensure that the bridge can withstand the heavy weight and high vibrations of the modern trains that will travel at high speeds. He coordinates with the construction manager and the site supervisors to ensure that every safety standard is met and the project is completed before the winter weather begins. The new railway bridge will connect our quiet agricultural town to the capital city, reducing travel times and boosting our local economy by facilitating the transport of goods and passengers across our beautiful {st:ate:A nation or territory.} in a fast and eco-friendly {wa:y:A path or street.} of transit."
[ERROR] Template index 167 has 2 placeholders instead of 5: "The skilled theater costume designer uses a modern sewing machine to sew an intricate historical gown of blue velvet and silver lace for the lead actress in the upcoming Shakespearean play. She works in her busy workshop, surrounded by rolls of colorful fabrics, spools of shiny thread, and sketches of costumes from different historical eras. She measures the actress carefully, cuts the fabric with sharp dressmaker shears, and fits the bodice to ensure maximum comfort and mobility for the actress on the stage. She adds three rows of small hand-sewn pearl buttons on the cuffs and an elegant matching cape that will flow gracefully behind the actress when she performs her dramatic soliloquies under the bright spotlights of the main auditorium during the opening night {sh:ow:A theatrical presentation.} in the grand community {th:eater:A building where plays are performed.}."
[ERROR] Template index 168 has 3 placeholders instead of 5: "A tiny green caterpillar crawls slowly along the woody stem of a blooming rose bush in our backyard garden, wiggling its segmented body as it searches for a fresh green leaf to eat. It eats tirelessly all day long, chewing a neat round hole in a leaf to fill its hungry belly and store energy for its upcoming transformation. In a few days, it will attach itself to a sturdy branch, shed its skin, and spin a hard protective cocoon around its body where it will rest for two weeks. When it finally wakes up, it will emerge as a beautiful monarch butterfly with broad orange and black wings, flying high in the air to pollinate the sweet flowers in our garden under the warm summer {su:nlight:Light from the sun.} that warms our green {la:wn:An area of short-cut grass.} near the wooden {fe:nce:A barrier enclosing an area.}."
[ERROR] Template index 169 has 2 placeholders instead of 5: "The clever young detective uses a pocket flashlight to search for clues on the dusty wooden floor of the old abandoned cabin in the middle of the dark pine forest. He discovers a small silver key hidden under a loose floorboard near the stone fireplace, which might open the locked metal chest he found in the corner of the room. He uses a small magnifying glass to examine the key's unique pattern and the dust around it, writing down all his observations in a small leather-bound notebook. He is determined to solve the mysterious disappearance before the morning sun rises and the local police officers arrive to help him with the search in the quiet woods around the lonely wooden cabin near our peaceful country {to:wn:An urban area smaller than a city.} school {cl:ub:An association of people.} building."
[ERROR] Template index 170 has 2 placeholders instead of 5: "We use a powerful electric vacuum cleaner to thoroughly clean the thick woolen carpet in our living room and remove any accumulated dust, dirt, and pet hair after our busy week. The vacuum has a long flexible hose and various specialized brush attachments that allow us to clean hard-to-reach areas under the heavy sofa, the bookshelves, and the side tables. We work quickly and efficiently, listening to our favorite upbeat music on the radio to make the household chore fun, enjoyable, and engaging for our family. Once we finish vacuuming, we empty the dust container into the kitchen trash can and spray a sweet lavender air freshener to make our home smell fresh, clean, and welcoming for our weekend guests who will arrive at six o'clock in the evening for a delicious dinner party at our house in our quiet suburban {to:wn:An urban area smaller than a city.} near the public {pa:rk:A large public garden.}."
[ERROR] Template index 171 has 3 placeholders instead of 5: "The young history student uses a digital tablet to search for interesting historical facts about the construction of the ancient Great Wall of China for her upcoming class presentation. She reads articles, watches educational documentaries, and looks at detailed maps showing the path of the massive stone wall across the mountains of northern China. She takes notes in her notebook and prepares a colorful slideshow with pictures of the high watchtowers and the beautiful landscape to share with her classmates during their social studies lesson on Wednesday morning. She is very proud of her research and hopes to get an excellent grade from her teacher on her project next week in the school library where she spends most of her spare study hours after her daily lessons {at:In or at a position.} our modern elementary {sc:hool:An institution for educating children.} in our quiet country {si:de:The land of a rural area.}."
[ERROR] Template index 172 has 3 placeholders instead of 5: "We use a clean electric toaster to toast two thick slices of homemade whole wheat bread for our healthy breakfast in our cozy kitchen before school begins. When the toast is ready, it pops up automatically with a soft sound, smelling warm, fresh, and absolutely delicious. We use a butter knife to spread sweet orange marmalade and creamy almond butter on the warm slices, making a perfect sandwich that gives us plenty of energy for our morning activities. We enjoy our breakfast with a glass of cold milk and a fresh green apple, which keeps us strong, healthy, and focused on our studies during our math and science lessons in the classroom with our kind and caring teacher who always helps us learn new things {in:Expressing the situation of something.} our modern elementary {sc:hool:An institution for educating children.} building near our happy {ho:me:The place where one lives permanently.}."
[ERROR] Template index 173 has 3 placeholders instead of 5: "We wear a pair of high rubber rainboots to keep our feet completely dry when we walk to the neighborhood park on a very rainy autumn afternoon with our best friends from school. The sky is dark and gray, and the rain falls in heavy drops, creating large puddles of water on the paved pathways of the park. We carry a large blue umbrella to shield our clothes and our backpacks from the wet weather, walking carefully so we do not slip on the wet leaves on the sidewalk. We enjoy walking in the rain, watching the ripples in the puddles and listening to the soft sound of water splashing against our boots as we make our way back to our warm and cozy house in our quiet suburban town near the primary school yard {on:Physically in contact with a surface.} our daily {st:reet:A public road.} walk after the last {cl:ass:A group of students.} ends."
[ERROR] Template index 174 has 2 placeholders instead of 5: "A clever little hamster runs incredibly fast on its metal exercise wheel inside its wire cage in our warm living room, keeping itself active and healthy during the day. It wiggles its tiny pink nose, blinks its shiny black eyes, and stuffs its cheeks with sweet sunflower seeds and dry grains to carry back to its cozy nest under the shredded paper. It is a very clean, quiet, and playful pet that brings a lot of happiness and entertainment to our family, especially when it climbs the bars of its cage or digs in the clean cedar shavings. We enjoy watching its funny antics, feeding it fresh pieces of carrots, and cleaning its cage every Saturday morning to keep it healthy, happy, and active in our cozy home near the quiet suburban street in our peaceful {to:wn:An urban area smaller than a city.} near the public {pa:rk:A large public garden.}."
[ERROR] Template index 175 has 3 placeholders instead of 5: "We visit the local maritime museum to see a historical exhibition about ancient wooden sailing ships that crossed the Atlantic Ocean hundreds of years ago during the Age of Discovery. We see detailed scale models of the massive ships, antique brass compasses used for navigation, and old hand-drawn maps used by early explorers to chart the unknown waters. We learn how the brave sailors navigated by the stars, endured fierce storms, and managed their food and water during their long journeys across the sea. It is a fascinating visit that teaches us a lot about history and geography on a cold winter afternoon with our parents in the city center near the old harbor docks where we can see the modern ships parked {in:Expressing the situation of something.} the deep water near the blue {se:a:The expanse of salt water.} under the cloudy winter {sk:y:The region of the atmosphere.}."
[ERROR] Template index 176 has 4 placeholders instead of 5: "The young girl uses a wooden easel to hold her large canvas while she paints a beautiful landscape of a snow-capped mountain in her quiet art room. She mixes bright colors on her wooden palette and uses different brushes to paint the blue sky, the white peaks, and the green pine trees in the valley. She spends many hours refining the details, trying to capture the warm light of the setting sun reflecting off the snow to make her painting look realistic. She is very passionate about art and hopes to showcase her paintings in a local gallery someday when she grows up and becomes a professional artist in our quiet suburban town near the scenic lake where she loves to walk with her friendly dog and paint beautiful {pi:ctures:Plural of picture; paintings.} of nature during her spare weekend {ho:urs:Plural of hour.} under the bright {su:n:The star around which the earth orbits.} in the blue {sk:y:The region of the atmosphere.}."
[ERROR] Template index 177 has 3 placeholders instead of 5: "A small gray squirrel gathers ripe acorns from the ground and carries them in its mouth to store inside a hollow tree trunk in the forest. It works tirelessly all day long to prepare for the cold winter when food is scarce and the ground is frozen. It has a fluffy tail that helps it keep its balance when it jumps from branch to branch on the tall oak trees in our backyard. We love to watch it play and climb up the wooden fence near our garden during the warm autumn days before the first winter snow covers the ground with a thick white blanket of frozen water vapor, making the forest look like a beautiful winter wonderland under the cold gray sky near our cozy country home {in:Expressing the situation of something.} the peaceful mountain {va:lley:A low area of land between hills.} near our primary {sc:hool:An institution for educating children.}."
[ERROR] Template index 178 has 3 placeholders instead of 5: "The young boy uses a small metal trowel to dig a deep hole in the rich dark soil of our backyard vegetable garden in the spring. He plants a tiny green seed of a red tomato plant, covers it gently with the moist earth, and pats it down with his hands. He uses a plastic watering can to water the soil every afternoon so the seed can sprout and grow into a strong plant with yellow flowers. He watches the garden daily, hoping it will grow tall and produce sweet tomatoes for our family salad during the warm summer days when the weather is sunny and perfect for gardening in our quiet country town near the old historical farm house where our grandparents live and grow organic vegetables {fo:r:With the object or purpose of.} our family {to:Expressing motion in the direction of.} eat during our holiday {vi:sits:Plural of visit.}."
[ERROR] Template index 179 has 3 placeholders instead of 5: "The professional auto mechanic uses a heavy metal wrench to loosen a rusty bolt on the engine of our family car in his garage. He checks the oil level, tests the car battery, and ensures all the rubber tires are filled with the correct amount of air to keep us safe on the road. He works very quickly and efficiently to repair the car so we can drive to the countryside for our weekend picnic. We thank him for his excellent service and pay him with a shiny silver bank card before we drive back to our happy home in our quiet suburban neighborhood near the primary school where we attend our daily classes and play with our best friends in the school yard during our recess time {on:Physically in contact with a surface.} sunny days in the warm season {of:Expressing the relationship between a part and a whole.} beautiful summer {an:d:Used to connect words.} spring."
[ERROR] Template index 180 has 4 placeholders instead of 5: "A little honeybee wiggles its wings and flies from one bright red flower to another in our beautiful backyard garden, collecting sweet nectar and yellow pollen to carry back to its busy hive on the tall apple tree. In the hive, the bees work together as a team to make delicious sweet honey that we love to eat with our warm toast. The honeybee is a very important insect that helps our garden flowers grow and thrive during the warm days of the sunny summer when the sky is clear and blue. We make sure to plant plenty of sweet flowers to support the busy bees in their daily work and protect them from harmful chemicals that can hurt our local environment near our cozy home in the quiet suburb near our school {bu:ilding:A structure with a roof and walls.} where we learn about nature {an:d:Used to connect words.} science with our friendly {cl:assmates:Plural of classmate.} every single {da:y:The 24-hour period.}."
[ERROR] Template index 181 has 4 placeholders instead of 5: "We use a clean glass pitcher to make a cool and refreshing drink of sweet lemonade on a hot summer afternoon in our cozy kitchen with our sister. We squeeze the fresh juice of four yellow lemons, add three cups of cold water, and mix in a cup of sweet sugar. We add some ice cubes to make the beverage freezing cold and delicious to drink while we sit under the shade of our giant oak tree in the backyard garden. It is the perfect way to cool down and enjoy a lazy weekend with our happy family at our cozy home in the quiet suburb near the busy city center on a warm Saturday after our weekly shopping trip where we buy fresh ingredients for our family dinners in our favorite local shops {ne:ar:At or to a short distance away.} the central public park {wi:th:Accompanied by.} our dear parents who always take care {of:Expressing the relationship between a part and a whole.} our healthy {di:et:The kinds of food that a person habitually eats.}."
[ERROR] Template index 182 has 3 placeholders instead of 5: "The young girl uses a pair of shiny metal ice skates to glide smoothly across the frozen surface of the public outdoor rink in the city park. She wears a thick woolen scarf around her neck and a warm pink hat to protect her ears from the freezing winter wind. She practices her turns and spins carefully, laughing when she loses her balance and falls onto the soft snow near the wooden fence. She enjoys the winter sport very much and wants to stay until the lights turn on at six o'clock in the evening when the park gets quiet and the stars begin to shine brightly in the dark winter sky above our peaceful suburban town near the snowy hills where we love to sled and play with our classmates after our homework is completed on our wooden desks {at:In or at a position.} our warm home during our winter {sc:hool:An institution for educating children.} winter holidays {wi:th:Accompanied by.} our family."
[ERROR] Template index 183 has 3 placeholders instead of 5: "A beautiful green humming bird hovers near the colorful trumpet vine in our garden, wiggling its tiny wings so fast that they look like a blur in the morning air. It dips its long, slender beak into the sweet flowers to drink the sugary nectar that gives it the energy to fly all day long. It is the smallest bird in our state and has an iridescent throat that shines like a jewel in the bright morning sunlight. We feel very lucky to watch this amazing little creature from our kitchen window during our breakfast time every single morning in the warm season of spring when the weather is perfect and the garden feels full of life and color near our quiet wooden house in our peaceful country side where we live with our family and our playful dog who loves to run around the green lawn under the shade {of:Expressing the relationship between a part and a whole.} our tall oak tree near the {ga:rden:A piece of ground for growing flowers.} wooden gate near the main {ro:ad:A wide way.}."
[ERROR] Template index 184 has 4 placeholders instead of 5: "The professional carpenter uses a sharp chisel to carve a beautiful pattern on the edge of a new wooden dining table in his busy workshop. He works in his noisy workshop filled with the pleasant smell of cut pine and oak sawdust, using a variety of hand tools to shape the wood. He uses a sheet of sandpaper to make the wood surface perfectly smooth and applies a coat of shiny varnish to protect the table from scratches and stains. He is very proud of his handiwork and hopes the table will last for many generations in a happy family house in our quiet country town near the scenic river where he has lived for many years with his loving wife and three young kids who attend the local primary school where they learn how to read, write, and play sports with their classmates {in:Expressing the situation of something.} the green playground near the main entrance {of:Expressing the relationship between a part and a whole.} the school building {on:Physically in contact with a surface.} sunny {da:ys:Plural of day.}."
[ERROR] Template index 185 has 3 placeholders instead of 5: "We go to the local farmers market every Saturday morning to buy fresh organic fruits, vegetables, and homemade baked goods from the local farmers who live near our town. We fill our large canvas bags with sweet red strawberries, green spinach, yellow squash, and fresh farm eggs that are healthy for our body. We also buy a jar of sweet clover honey and a loaf of warm sourdough bread from a friendly baker who always smiles at us and greets us with a warm hello. It is a wonderful way to support our community and get healthy food for our weekly meals at home with our dear parents and little sister who loves to help us cook delicious dinners in our kitchen on the weekend days when we have plenty of spare time to relax together as a happy family {in:Expressing the situation of something.} our cozy house in our quiet suburban {ne:ighborhood:A district, especially one forming a community within a town.} near the local primary {sc:hool:An institution for educating children.}."
[ERROR] Template index 186 has 3 placeholders instead of 5: "The clever young girl uses a digital camera to take high-quality photographs of the colorful autumn leaves on the tall maple trees in the park near our house. She captures the beautiful shades of red, orange, and yellow as the leaves fall gently onto the grass, creating a colorful carpet on the ground. She wants to print her best pictures and make a colorful collage for her school art project on Monday morning in her art class. Her teacher always praises her artistic eye and encourages her to continue exploring the world through her camera lens to discover new beauty in the natural world around her peaceful suburban home near the scenic lake where she loves to walk with her friendly dog and take photos after she finishes her homework {on:Physically in contact with a surface.} her wooden desk in her quiet room {at:In or at a position.} five o'clock in the warm {af:ternoon:The time from noon to evening.}."
[ERROR] Template index 187 has 4 placeholders instead of 5: "A proud mother bird sits patiently on her nest of twigs and soft feathers, warming her four tiny blue eggs during the cool spring days in our garden. The nest is hidden safely among the thick green leaves of a tall pear tree in our backyard garden, protected from the cold wind and hungry cats. In a few days, the eggs will hatch, and four hungry little chicks will emerge, chirping loudly for food to fill their tiny bellies. The mother and father birds will fly back and forth all day to find small worms and insects to feed their growing family in the warm garden near our cozy wooden house where we live with our parents who love to watch the birds from our large kitchen window during our morning breakfast time on sunny summer days {wi:th:Accompanied by.} our family and friends who visit {us:Used by a speaker to refer to himself or herself.} during our school summer holidays {in:Expressing the situation of something.} the month of {ju:ly:The seventh month of the year.}."
[ERROR] Template index 188 has 3 placeholders instead of 5: "We wear our protective life jackets when we step onto the wooden deck of the small sailing boat at the harbor near the yacht club. The captain checks the wind direction and unfurls the large white sail to catch the steady breeze across the wide lake that lies between the mountains. The boat glides smoothly over the gentle waves, leaving a trail of white foam in the deep blue water behind us as we speed toward the other side. We enjoy the fresh air and watch the white seagulls fly overhead, searching for small fish near the water surface on this beautiful summer day with our happy family and best friends from school who love to go on exciting outdoor adventures with us during our long summer holidays when the weather is warm and the sky is clear, blue, and beautiful {wi:thout:Not accompanied by.} any dark clouds in the sky {ne:ar:At or to a short distance away.} our lakeside holiday cabin on the sandy {sh:ore:The land along the edge of a body of water.}."
[ERROR] Template index 189 has 3 placeholders instead of 5: "The skilled artist uses a box of colorful soft pastels to draw a realistic portrait of a furry white rabbit on a sheet of textured gray paper in his studio. He blends the colors gently with his fingers to create the soft texture of the rabbit's fur and uses a white pastel to add a bright shine to its round black eyes. He is very detailed in his work and spends many hours in his quiet art studio to make the portrait look alive and beautiful. He hopes to win first prize in the annual community art competition held at the local library next month in our quiet suburban town near the scenic river where many artists live and create their beautiful works of art to share with the whole world on their digital websites or social media pages that are visited by thousands of art lovers {ev:ery:Reflecting all members of a group.} day during their spare hours {at:In or at a position.} their home computers or mobile {sc:reens:Plural of screen; displays.}."
[ERROR] Template index 190 has 3 placeholders instead of 5: "A small gray field mouse builds a warm nest of shredded paper and dry grass inside a cardboard box in the corner of our dry basement under the stairs. It crawls out quietly at night to look for tiny food crumbs on the kitchen floor after everyone has gone to sleep and the house is quiet. It has to be very careful to avoid our big black cat, who loves to hunt mice in the dark and sits near the kitchen door. The little mouse is quick and silent, wiggling its long whiskers as it searches for a tasty bite of yellow cheese or sweet bread to carry back to its cozy nest before the morning sun rises in the east and our family wakes up to start a busy new day of school lessons and household chores in our comfortable family house near the quiet suburban street where we live {wi:th:Accompanied by.} our parents and our pet cat {th:at:Used to identify a specific thing.} sleeps on the sofa all day {lo:ng:Lasting a great distance or time.}."
[ERROR] Template index 191 has 3 placeholders instead of 5: "The professional photographer carries a heavy tripod and two digital cameras to the top of the high hill to photograph the beautiful sunset over the city center. He waits patiently for the sun to sink below the horizon, painting the sky in breathtaking shades of pink, purple, and orange that reflect off the clouds. He adjusts the camera settings to capture the warm light reflecting off the glass windows of the tall city buildings in the distance where the streetlights are beginning to turn on. It is a spectacular sight that he will share on his popular travel blog for people to enjoy all over the world on their computer screens at home while they relax in their favorite chairs after a long day of hard work or school study in their quiet rooms near the busy city center in our beautiful state {th:at:Used to identify a specific thing.} is known for its beautiful landscapes {an:d:Used to connect words.} scenic views of the mountain {va:lleys:Plural of valley; low areas between hills.}."
[ERROR] Template index 192 has 3 placeholders instead of 5: "We use a colorful plastic watering can to water our indoor potted plants every Sunday morning to keep them healthy, green, and beautiful in our bedroom. We have a small cactus on the desk, a leafy fern on the bookshelf, and a blooming pink orchid on the windowsill that gets plenty of bright morning sunlight. We make sure not to give them too much water so their roots do not rot in the dark soil inside the ceramic pots. Taking care of our plants is a relaxing hobby that makes our bedroom feel lively and fresh during the cold winter months when we stay inside our warm and comfortable family house, listening to the wind and watching the snow fall slowly outside our window on the frozen ground near the public park down our quiet suburban street where we live with our family {an:d:Used to connect words.} our small black dog who loves {to:Expressing motion in the direction of.} sleep near the fireplace in the living {ro:om:A space in a building.}."
[ERROR] Template index 193 has 4 placeholders instead of 5: "The clever young boy uses a plastic compass and a paper map to find his way during the weekend scout hiking trip in the state park near the mountains. He leads his team of scouts along the narrow dirt path, checking the compass needle to ensure they are walking in the correct northern direction toward the campsite. They walk past tall pine trees, cross a small wooden bridge over a bubbling stream, and climb a steep rocky hill before they reach the campsite where they will pitch their green tents and build a warm campfire to cook their dinner under the bright stars in the dark sky, sharing funny stories and singing campfire songs together with their scout leader with great enthusiasm and joy during their winter outdoor adventure in the peaceful mountain forest valley where they can experience the beauty of nature first {ha:nd:The end part of a person's arm.} and learn valuable survival skills {th:at:Used to identify a specific thing.} will help them in their future {li:ves:Plural of life.} as active and responsible young {pe:ople:Plural of person.}."
[ERROR] Template index 194 has 3 placeholders instead of 5: "The busy librarian works at the front desk of our quiet neighborhood library, helping people find books and checking out their selections using a digital barcode scanner. She organizes the returned books on the metal carts and returns them to their correct places on the tall wooden bookshelves so they are easy to find for the readers. She also coordinates the weekly story hour for the local toddlers, reading funny stories and singing songs with them in the colorful children's section of the library near the main entrance. She loves her job because she gets to share her passion for reading with the whole community and meet many friendly people every day, including the students who come to study after school hours to prepare for their exams in the quiet reading room at the back of the library building near our house {wi:th:Accompanied by.} their study groups and friends {fr:om:Expressing the point in space where something starts.} our primary school classes who love {to:Expressing motion in the direction of.} read."
[ERROR] Template index 195 has 3 placeholders instead of 5: "We use a pair of protective plastic goggles and a long metal snorkel when we swim in the clear water of the swimming pool during our summer holiday. The goggles allow us to see underwater clearly without the chlorine hurting our eyes, and the snorkel helps us breathe easily while we float on the surface of the blue water. We love to dive to the bottom of the pool to retrieve shiny red rings and practice our swimming strokes with our friends in the afternoon. It is a very fun and active way to spend our summer days when the weather is extremely hot outside in our town near the public park pool where we can splash around and stay cool with our family and best school friends who love water games and outdoor sports during their summer vacation {th:at:Used to identify a specific thing.} lasts for two months in the warm {se:ason:Each of the four divisions of the year.} of summer when the sky is clear {an:d:Used to connect words.} blue."
[ERROR] Template index 196 has 3 placeholders instead of 5: "The professional gardener uses a pair of sharp pruning shears to trim the dead branches of the sweet-smelling rose bushes in the public botanical garden near the river. He works hard in the early morning to make sure the flowers are healthy, beautifully arranged, and free of harmful insects that can damage the plants. He also plants new colorful flowerbeds of purple lavender and yellow marigolds to attract busy bees and beautiful butterflies that help pollinate the plants. He enjoys working outdoors in nature and takes great pride in maintaining a peaceful and beautiful green space for the city residents to visit and enjoy with their family on sunny days in summer when the weather is warm and the air is filled with the sweet fragrance of blooming flowers of all kinds in the beautiful park garden {th:at:Used to identify a specific thing.} is located in the center of our quiet {to:wn:An urban area smaller than a city.} near the old bridge {an:d:Used to connect words.} the public school."
[ERROR] Template index 197 has 3 placeholders instead of 5: "The young boy uses a small metal trowel to dig a shallow trench in the rich black soil of our vegetable garden behind our house. He plants six small organic seeds of a green bean plant and covers them gently with the dark earth, patting it down to make it firm. He uses a plastic watering can to water the soil every afternoon so the seeds can germinate and grow into strong green vines that climb up the wooden trellis. He is very excited to watch his plants grow and looks forward to picking fresh green beans for our family dinner during the late summer days when the weather is warm in our quiet town near the countryside where we can see fields of green crops and farm animals grazing peacefully under the bright sun near the old red barn house with our dear grandparents who love to teach us about farming {an:d:Used to connect words.} gardening during our winter holiday visits {to:Expressing motion in the direction of.} their country home near the beautiful scenic {va:lley:A low area of land.}."
[ERROR] Template index 198 has 3 placeholders instead of 5: "We visit the local science museum to see an exciting interactive exhibition about electricity, space exploration, and robotic technology in our city. We can touch a plasma globe to see purple light follow our fingers, look at a real model of the Apollo lunar lander, and watch a smart robotic arm build a small toy car. We learn how scientists use technology to solve complex global problems and explore distant planets in our solar system. It is a very inspiring visit that makes us want to study science and engineering when we grow up and attend university in the future years of our young lives, hoping to make the world a better place with our creative ideas and scientific discoveries that can help protect our environment and preserve our natural resources on this beautiful earth {th:at:Used to identify a specific thing.} is our only home in the vast universe {wi:thout:Not accompanied by.} any other habitable planet nearby {at:In or at a position.} the present time."
[ERROR] Template index 199 has 3 placeholders instead of 5: "The professional chef uses a sharp stainless steel knife to chop fresh vegetables on a heavy wooden cutting board in his busy restaurant kitchen near the river. He chops red onions, orange carrots, green celery, and ripe red tomatoes to make a delicious and healthy vegetable soup for the evening guests who arrive at six o'clock. He heats a large metal pot on the stove, adds a splash of golden olive oil, and sautés the vegetables until they are soft and fragrant. He adds fresh herbs, water, and a pinch of salt to create a perfect soup that is warm, nutritious, and loved by everyone in our local town near the scenic river where many tourists come to dine and enjoy the beautiful views of the valley with their family and friends during their weekend trips to the countryside in the beautiful season of autumn when the leaves are turning red, orange, and yellow {on:Physically in contact with a surface.} the tall trees near the river bank {wi:th:Accompanied by.} our dear family members and best {fr:iends:Plural of friend.}"
Found 148 bad templates.
